{
    "print": {
        "readSCNorms": "false"
    },
    "wavefunction": {
        "name": "scpt",
        "numAct": "8",
        "numCore": "2",
        "overlapCutoff": "1.0e-8",
        "determinants": "dets"
    },
    "sampling": {
        "stochasticIterNorms": "1000",
        "nIterFindInitDets": "100",
        "numSCSamples": "1000",
        "resTimeNEVPT_Ene": "5.0",
        "epsilon": "1.0e-8",
        "seed": "87791",
        "efficientNEVPT_2": "true",
        "determCCVV": "true",
        "exactPerturber": "true",
        "CASEnergy": "-109.0347099",
        "perturberOrb1": "20",
        "perturberOrb2": "21",
        "SCEnergiesBurnIn": "50"
    }
}

Reading integrals
Finished reading integrals
Starting heat bath integral construction
Finished heat bath integral construction
Reading active space determinants
Finished reading determinants, hash table bucket count: 2048
Exact perturber energy, E_l^k: -105.25895114
