User:
nsb37
Hostname:

CPU info:
Architecture:          x86_64
CPU op-mode(s):        32-bit, 64-bit
Byte Order:            Little Endian
CPU(s):                16
On-line CPU(s) list:   0-15
Thread(s) per core:    2
Core(s) per socket:    8
Socket(s):             1
NUMA node(s):          1
Vendor ID:             GenuineIntel
CPU family:            6
Model:                 85
Model name:            Intel(R) Core(TM) i7-7820X CPU @ 3.60GHz
Stepping:              4
CPU MHz:               2062.125
Computation started at:
Thu 13 Aug 20:25:57 BST 2020
git commit: f9ad8d0ad7326d550ae3f3f78e4ad95fa4562967, branch: bug_fix/NEVPT2_test, compiled at: Thu 13 Aug 20:11:51 BST 2020

nproc used: 4 (NB: stochasticIter below is per proc)

{
    "wavefunction": {
        "name": "scpt",
        "numAct": "8",
        "numCore": "2",
        "overlapCutoff": "1.0e-8",
        "determinants": "dets"
    },
    "sampling": {
        "stochasticIterNorms": "160",
        "nIterFindInitDets": "10",
        "epsilon": "1.0e-8",
        "seed": "59800",
        "NEVPT_writeE": "true",
        "determCCVV": "true"
    }
}

Reading integrals
Finished reading integrals
Starting heat bath integral construction
Finished heat bath integral construction
Reading active space determinants
Finished reading determinants, hash table bucket count: 2048
Integrals and wave function preparation finished in 0.0571702 s

Deterministic CCVV energy:  -0.00032345018087

About to sample the norms of the strongly contracted states...

About to allocate arrays for sampling...
Total number of strongly contracted states to sample: 821
Allocation of sampling arrays now finished.

About to call first instance of HamAndSCNorms...
First instance of HamAndSCNorms complete.
iter: 0  t: 0.0720811
iter: 1  t: 0.0763271
iter: 16  t: 0.140552
iter: 32  t: 0.209733
iter: 48  t: 0.277669
iter: 64  t: 0.34609
iter: 80  t: 0.414457
iter: 96  t: 0.4829
iter: 112  t: 0.551747
iter: 128  t: 0.620289
iter: 144  t: 0.688117
iter: 160  t: 0.790299
Calculating AAVV norms...
AAVV norms calculated. Time taken: 0.0140169
Calculating CAAV norms...
CAAV norms calculated. Time taken: 0.0218079
Calculating CCAA norms...
CCAA norms calculated. Time taken: 0.000854969

Calculation of strongly contracted norms complete.
Total time for norms calculation:  0.771115

About to print norm data...
Printing complete.

Now sampling the NEVPT2 energy...
Sampling complete.

Total time for energy sampling 55.4323 seconds
CAS energy: -109.0347084
SC-NEVPT2(s) second-order energy: -0.1472437159
Total SC-NEVPT(s) energy: -109.1819521
SC-NEVPT2(s) second-order energy with CCVV:  -0.1475671661
Total SC-NEVPT2(s) energy with CCVV:  -109.1822756
